// Jest Snapshot v1, https://goo.gl/fbAQLP

exports[`Input.vue matches snapshot 1`] = `
<div class="root filledOrFocused">
  <div class="placeholder">
    test placeholder
  </div> <input type="text" class="input">
</div>
`;
